An NVIDIA GPU may be present on this machine, but a CUDA-enabled jaxlib is not installed. Falling back to cpu.
gmm_k2_primary_60k: 1/42 seed=42 SR=0 error=False
gmm_k2_primary_60k: 2/42 seed=42 SR=0.5 error=False
gmm_k2_primary_60k: 3/42 seed=42 SR=1 error=False
gmm_k2_primary_60k: 4/42 seed=42 SR=1.5 error=False
gmm_k2_primary_60k: 5/42 seed=42 SR=2 error=False
gmm_k2_primary_60k: 6/42 seed=42 SR=3 error=False
gmm_k2_primary_60k: 7/42 seed=42 SR=4 error=False
gmm_k2_primary_60k: 8/42 seed=42 SR=5 error=False
gmm_k2_primary_60k: 9/42 seed=42 SR=6 error=False
gmm_k2_primary_60k: 10/42 seed=42 SR=7 error=False
gmm_k2_primary_60k: 11/42 seed=42 SR=8 error=False
gmm_k2_primary_60k: 12/42 seed=42 SR=9 error=False
gmm_k2_primary_60k: 13/42 seed=42 SR=9.5 error=False
gmm_k2_primary_60k: 14/42 seed=42 SR=10 error=False
gmm_k2_primary_60k: 15/42 seed=123 SR=0 error=False
gmm_k2_primary_60k: 16/42 seed=123 SR=0.5 error=False
gmm_k2_primary_60k: 17/42 seed=123 SR=1 error=False
gmm_k2_primary_60k: 18/42 seed=123 SR=1.5 error=False
gmm_k2_primary_60k: 19/42 seed=123 SR=2 error=False
gmm_k2_primary_60k: 20/42 seed=123 SR=3 error=False
gmm_k2_primary_60k: 21/42 seed=123 SR=4 error=False
gmm_k2_primary_60k: 22/42 seed=123 SR=5 error=False
gmm_k2_primary_60k: 23/42 seed=123 SR=6 error=False
gmm_k2_primary_60k: 24/42 seed=123 SR=7 error=False
gmm_k2_primary_60k: 25/42 seed=123 SR=8 error=False
gmm_k2_primary_60k: 26/42 seed=123 SR=9 error=False
gmm_k2_primary_60k: 27/42 seed=123 SR=9.5 error=False
gmm_k2_primary_60k: 28/42 seed=123 SR=10 error=False
gmm_k2_primary_60k: 29/42 seed=456 SR=0 error=False
gmm_k2_primary_60k: 30/42 seed=456 SR=0.5 error=False
gmm_k2_primary_60k: 31/42 seed=456 SR=1 error=False
gmm_k2_primary_60k: 32/42 seed=456 SR=1.5 error=False
gmm_k2_primary_60k: 33/42 seed=456 SR=2 error=False
gmm_k2_primary_60k: 34/42 seed=456 SR=3 error=False
gmm_k2_primary_60k: 35/42 seed=456 SR=4 error=False
gmm_k2_primary_60k: 36/42 seed=456 SR=5 error=False
gmm_k2_primary_60k: 37/42 seed=456 SR=6 error=False
gmm_k2_primary_60k: 38/42 seed=456 SR=7 error=False
gmm_k2_primary_60k: 39/42 seed=456 SR=8 error=False
gmm_k2_primary_60k: 40/42 seed=456 SR=9 error=False
gmm_k2_primary_60k: 41/42 seed=456 SR=9.5 error=False
gmm_k2_primary_60k: 42/42 seed=456 SR=10 error=False
gmm_k2_budget_20k: 1/42 seed=42 SR=0 error=False
gmm_k2_budget_20k: 2/42 seed=42 SR=0.5 error=False
gmm_k2_budget_20k: 3/42 seed=42 SR=1 error=False
gmm_k2_budget_20k: 4/42 seed=42 SR=1.5 error=False
gmm_k2_budget_20k: 5/42 seed=42 SR=2 error=False
gmm_k2_budget_20k: 6/42 seed=42 SR=3 error=False
gmm_k2_budget_20k: 7/42 seed=42 SR=4 error=False
gmm_k2_budget_20k: 8/42 seed=42 SR=5 error=False
gmm_k2_budget_20k: 9/42 seed=42 SR=6 error=False
gmm_k2_budget_20k: 10/42 seed=42 SR=7 error=False
gmm_k2_budget_20k: 11/42 seed=42 SR=8 error=False
gmm_k2_budget_20k: 12/42 seed=42 SR=9 error=False
gmm_k2_budget_20k: 13/42 seed=42 SR=9.5 error=False
gmm_k2_budget_20k: 14/42 seed=42 SR=10 error=False
gmm_k2_budget_20k: 15/42 seed=123 SR=0 error=False
gmm_k2_budget_20k: 16/42 seed=123 SR=0.5 error=False
gmm_k2_budget_20k: 17/42 seed=123 SR=1 error=False
gmm_k2_budget_20k: 18/42 seed=123 SR=1.5 error=False
gmm_k2_budget_20k: 19/42 seed=123 SR=2 error=False
gmm_k2_budget_20k: 20/42 seed=123 SR=3 error=False
gmm_k2_budget_20k: 21/42 seed=123 SR=4 error=False
gmm_k2_budget_20k: 22/42 seed=123 SR=5 error=False
gmm_k2_budget_20k: 23/42 seed=123 SR=6 error=False
gmm_k2_budget_20k: 24/42 seed=123 SR=7 error=False
gmm_k2_budget_20k: 25/42 seed=123 SR=8 error=False
gmm_k2_budget_20k: 26/42 seed=123 SR=9 error=False
gmm_k2_budget_20k: 27/42 seed=123 SR=9.5 error=False
gmm_k2_budget_20k: 28/42 seed=123 SR=10 error=False
gmm_k2_budget_20k: 29/42 seed=456 SR=0 error=False
gmm_k2_budget_20k: 30/42 seed=456 SR=0.5 error=False
gmm_k2_budget_20k: 31/42 seed=456 SR=1 error=False
gmm_k2_budget_20k: 32/42 seed=456 SR=1.5 error=False
gmm_k2_budget_20k: 33/42 seed=456 SR=2 error=False
gmm_k2_budget_20k: 34/42 seed=456 SR=3 error=False
gmm_k2_budget_20k: 35/42 seed=456 SR=4 error=False
gmm_k2_budget_20k: 36/42 seed=456 SR=5 error=False
gmm_k2_budget_20k: 37/42 seed=456 SR=6 error=False
gmm_k2_budget_20k: 38/42 seed=456 SR=7 error=False
gmm_k2_budget_20k: 39/42 seed=456 SR=8 error=False
gmm_k2_budget_20k: 40/42 seed=456 SR=9 error=False
gmm_k2_budget_20k: 41/42 seed=456 SR=9.5 error=False
gmm_k2_budget_20k: 42/42 seed=456 SR=10 error=False
gmm_k2_budget_120k: 1/42 seed=42 SR=0 error=False
gmm_k2_budget_120k: 2/42 seed=42 SR=0.5 error=False
gmm_k2_budget_120k: 3/42 seed=42 SR=1 error=False
gmm_k2_budget_120k: 4/42 seed=42 SR=1.5 error=False
gmm_k2_budget_120k: 5/42 seed=42 SR=2 error=False
gmm_k2_budget_120k: 6/42 seed=42 SR=3 error=False
gmm_k2_budget_120k: 7/42 seed=42 SR=4 error=False
gmm_k2_budget_120k: 8/42 seed=42 SR=5 error=False
gmm_k2_budget_120k: 9/42 seed=42 SR=6 error=False
gmm_k2_budget_120k: 10/42 seed=42 SR=7 error=False
gmm_k2_budget_120k: 11/42 seed=42 SR=8 error=False
gmm_k2_budget_120k: 12/42 seed=42 SR=9 error=False
gmm_k2_budget_120k: 13/42 seed=42 SR=9.5 error=False
gmm_k2_budget_120k: 14/42 seed=42 SR=10 error=False
gmm_k2_budget_120k: 15/42 seed=123 SR=0 error=False
gmm_k2_budget_120k: 16/42 seed=123 SR=0.5 error=False
gmm_k2_budget_120k: 17/42 seed=123 SR=1 error=False
gmm_k2_budget_120k: 18/42 seed=123 SR=1.5 error=False
gmm_k2_budget_120k: 19/42 seed=123 SR=2 error=False
gmm_k2_budget_120k: 20/42 seed=123 SR=3 error=False
gmm_k2_budget_120k: 21/42 seed=123 SR=4 error=False
gmm_k2_budget_120k: 22/42 seed=123 SR=5 error=False
gmm_k2_budget_120k: 23/42 seed=123 SR=6 error=False
gmm_k2_budget_120k: 24/42 seed=123 SR=7 error=False
gmm_k2_budget_120k: 25/42 seed=123 SR=8 error=False
gmm_k2_budget_120k: 26/42 seed=123 SR=9 error=False
gmm_k2_budget_120k: 27/42 seed=123 SR=9.5 error=False
gmm_k2_budget_120k: 28/42 seed=123 SR=10 error=False
gmm_k2_budget_120k: 29/42 seed=456 SR=0 error=False
gmm_k2_budget_120k: 30/42 seed=456 SR=0.5 error=False
gmm_k2_budget_120k: 31/42 seed=456 SR=1 error=False
gmm_k2_budget_120k: 32/42 seed=456 SR=1.5 error=False
gmm_k2_budget_120k: 33/42 seed=456 SR=2 error=False
gmm_k2_budget_120k: 34/42 seed=456 SR=3 error=False
gmm_k2_budget_120k: 35/42 seed=456 SR=4 error=False
gmm_k2_budget_120k: 36/42 seed=456 SR=5 error=False
gmm_k2_budget_120k: 37/42 seed=456 SR=6 error=False
gmm_k2_budget_120k: 38/42 seed=456 SR=7 error=False
gmm_k2_budget_120k: 39/42 seed=456 SR=8 error=False
gmm_k2_budget_120k: 40/42 seed=456 SR=9 error=False
gmm_k2_budget_120k: 41/42 seed=456 SR=9.5 error=False
gmm_k2_budget_120k: 42/42 seed=456 SR=10 error=False
gmm_k2_single_chain_60k: 1/3 seed=42 SR=1.5 error=False
gmm_k2_single_chain_60k: 2/3 seed=42 SR=5 error=False
gmm_k2_single_chain_60k: 3/3 seed=42 SR=10 error=False
gmm_k2_matched_diagonal_60k: 1/4 seed=42 SR=1.5 error=False
gmm_k2_matched_diagonal_60k: 2/4 seed=42 SR=4 error=False
gmm_k2_matched_diagonal_60k: 3/4 seed=42 SR=5 error=False
gmm_k2_matched_diagonal_60k: 4/4 seed=42 SR=9 error=False
gmm_k3_primary_60k: 1/42 seed=42 SR=0 error=False
gmm_k3_primary_60k: 2/42 seed=42 SR=0.5 error=False
gmm_k3_primary_60k: 3/42 seed=42 SR=1 error=False
gmm_k3_primary_60k: 4/42 seed=42 SR=1.5 error=False
gmm_k3_primary_60k: 5/42 seed=42 SR=2 error=False
gmm_k3_primary_60k: 6/42 seed=42 SR=3 error=False
gmm_k3_primary_60k: 7/42 seed=42 SR=4 error=False
gmm_k3_primary_60k: 8/42 seed=42 SR=5 error=False
gmm_k3_primary_60k: 9/42 seed=42 SR=6 error=False
gmm_k3_primary_60k: 10/42 seed=42 SR=7 error=False
gmm_k3_primary_60k: 11/42 seed=42 SR=8 error=False
gmm_k3_primary_60k: 12/42 seed=42 SR=9 error=False
gmm_k3_primary_60k: 13/42 seed=42 SR=9.5 error=False
gmm_k3_primary_60k: 14/42 seed=42 SR=10 error=False
gmm_k3_primary_60k: 15/42 seed=123 SR=0 error=False
gmm_k3_primary_60k: 16/42 seed=123 SR=0.5 error=False
gmm_k3_primary_60k: 17/42 seed=123 SR=1 error=False
gmm_k3_primary_60k: 18/42 seed=123 SR=1.5 error=False
gmm_k3_primary_60k: 19/42 seed=123 SR=2 error=False
gmm_k3_primary_60k: 20/42 seed=123 SR=3 error=False
gmm_k3_primary_60k: 21/42 seed=123 SR=4 error=False
gmm_k3_primary_60k: 22/42 seed=123 SR=5 error=False
gmm_k3_primary_60k: 23/42 seed=123 SR=6 error=False
gmm_k3_primary_60k: 24/42 seed=123 SR=7 error=False
gmm_k3_primary_60k: 25/42 seed=123 SR=8 error=False
gmm_k3_primary_60k: 26/42 seed=123 SR=9 error=False
gmm_k3_primary_60k: 27/42 seed=123 SR=9.5 error=False
gmm_k3_primary_60k: 28/42 seed=123 SR=10 error=False
gmm_k3_primary_60k: 29/42 seed=456 SR=0 error=False
gmm_k3_primary_60k: 30/42 seed=456 SR=0.5 error=False
gmm_k3_primary_60k: 31/42 seed=456 SR=1 error=False
gmm_k3_primary_60k: 32/42 seed=456 SR=1.5 error=False
gmm_k3_primary_60k: 33/42 seed=456 SR=2 error=False
gmm_k3_primary_60k: 34/42 seed=456 SR=3 error=False
gmm_k3_primary_60k: 35/42 seed=456 SR=4 error=False
gmm_k3_primary_60k: 36/42 seed=456 SR=5 error=False
gmm_k3_primary_60k: 37/42 seed=456 SR=6 error=False
gmm_k3_primary_60k: 38/42 seed=456 SR=7 error=False
gmm_k3_primary_60k: 39/42 seed=456 SR=8 error=False
gmm_k3_primary_60k: 40/42 seed=456 SR=9 error=False
gmm_k3_primary_60k: 41/42 seed=456 SR=9.5 error=False
gmm_k3_primary_60k: 42/42 seed=456 SR=10 error=False
gmm_k3_matched_diagonal_60k: 1/64 seed=1001 SR=3 error=False
gmm_k3_matched_diagonal_60k: 2/64 seed=1001 SR=3.5 error=False
gmm_k3_matched_diagonal_60k: 3/64 seed=1001 SR=4 error=False
gmm_k3_matched_diagonal_60k: 4/64 seed=1001 SR=4.5 error=False
gmm_k3_matched_diagonal_60k: 5/64 seed=1002 SR=3 error=False
gmm_k3_matched_diagonal_60k: 6/64 seed=1002 SR=3.5 error=False
gmm_k3_matched_diagonal_60k: 7/64 seed=1002 SR=4 error=False
gmm_k3_matched_diagonal_60k: 8/64 seed=1002 SR=4.5 error=False
gmm_k3_matched_diagonal_60k: 9/64 seed=1003 SR=3 error=False
gmm_k3_matched_diagonal_60k: 10/64 seed=1003 SR=3.5 error=False
gmm_k3_matched_diagonal_60k: 11/64 seed=1003 SR=4 error=False
gmm_k3_matched_diagonal_60k: 12/64 seed=1003 SR=4.5 error=False
gmm_k3_matched_diagonal_60k: 13/64 seed=1004 SR=3 error=False
gmm_k3_matched_diagonal_60k: 14/64 seed=1004 SR=3.5 error=False
gmm_k3_matched_diagonal_60k: 15/64 seed=1004 SR=4 error=False
gmm_k3_matched_diagonal_60k: 16/64 seed=1004 SR=4.5 error=False
gmm_k3_matched_diagonal_60k: 17/64 seed=1005 SR=3 error=False
gmm_k3_matched_diagonal_60k: 18/64 seed=1005 SR=3.5 error=False
gmm_k3_matched_diagonal_60k: 19/64 seed=1005 SR=4 error=False
gmm_k3_matched_diagonal_60k: 20/64 seed=1005 SR=4.5 error=False
gmm_k3_matched_diagonal_60k: 21/64 seed=1006 SR=3 error=False
gmm_k3_matched_diagonal_60k: 22/64 seed=1006 SR=3.5 error=False
gmm_k3_matched_diagonal_60k: 23/64 seed=1006 SR=4 error=False
gmm_k3_matched_diagonal_60k: 24/64 seed=1006 SR=4.5 error=False
gmm_k3_matched_diagonal_60k: 25/64 seed=1007 SR=3 error=False
gmm_k3_matched_diagonal_60k: 26/64 seed=1007 SR=3.5 error=False
gmm_k3_matched_diagonal_60k: 27/64 seed=1007 SR=4 error=False
gmm_k3_matched_diagonal_60k: 28/64 seed=1007 SR=4.5 error=False
gmm_k3_matched_diagonal_60k: 29/64 seed=1008 SR=3 error=False
gmm_k3_matched_diagonal_60k: 30/64 seed=1008 SR=3.5 error=False
gmm_k3_matched_diagonal_60k: 31/64 seed=1008 SR=4 error=False
gmm_k3_matched_diagonal_60k: 32/64 seed=1008 SR=4.5 error=False
gmm_k3_matched_diagonal_60k: 33/64 seed=1009 SR=3 error=False
gmm_k3_matched_diagonal_60k: 34/64 seed=1009 SR=3.5 error=False
gmm_k3_matched_diagonal_60k: 35/64 seed=1009 SR=4 error=False
gmm_k3_matched_diagonal_60k: 36/64 seed=1009 SR=4.5 error=False
gmm_k3_matched_diagonal_60k: 37/64 seed=1010 SR=3 error=False
gmm_k3_matched_diagonal_60k: 38/64 seed=1010 SR=3.5 error=False
gmm_k3_matched_diagonal_60k: 39/64 seed=1010 SR=4 error=False
gmm_k3_matched_diagonal_60k: 40/64 seed=1010 SR=4.5 error=False
gmm_k3_matched_diagonal_60k: 41/64 seed=1011 SR=3 error=False
gmm_k3_matched_diagonal_60k: 42/64 seed=1011 SR=3.5 error=False
gmm_k3_matched_diagonal_60k: 43/64 seed=1011 SR=4 error=False
gmm_k3_matched_diagonal_60k: 44/64 seed=1011 SR=4.5 error=False
gmm_k3_matched_diagonal_60k: 45/64 seed=1012 SR=3 error=False
gmm_k3_matched_diagonal_60k: 46/64 seed=1012 SR=3.5 error=False
gmm_k3_matched_diagonal_60k: 47/64 seed=1012 SR=4 error=False
gmm_k3_matched_diagonal_60k: 48/64 seed=1012 SR=4.5 error=False
gmm_k3_matched_diagonal_60k: 49/64 seed=1013 SR=3 error=False
gmm_k3_matched_diagonal_60k: 50/64 seed=1013 SR=3.5 error=False
gmm_k3_matched_diagonal_60k: 51/64 seed=1013 SR=4 error=False
gmm_k3_matched_diagonal_60k: 52/64 seed=1013 SR=4.5 error=False
gmm_k3_matched_diagonal_60k: 53/64 seed=1014 SR=3 error=False
gmm_k3_matched_diagonal_60k: 54/64 seed=1014 SR=3.5 error=False
gmm_k3_matched_diagonal_60k: 55/64 seed=1014 SR=4 error=False
gmm_k3_matched_diagonal_60k: 56/64 seed=1014 SR=4.5 error=False
gmm_k3_matched_diagonal_60k: 57/64 seed=1015 SR=3 error=False
gmm_k3_matched_diagonal_60k: 58/64 seed=1015 SR=3.5 error=False
gmm_k3_matched_diagonal_60k: 59/64 seed=1015 SR=4 error=False
gmm_k3_matched_diagonal_60k: 60/64 seed=1015 SR=4.5 error=False
gmm_k3_matched_diagonal_60k: 61/64 seed=1016 SR=3 error=False
gmm_k3_matched_diagonal_60k: 62/64 seed=1016 SR=3.5 error=False
gmm_k3_matched_diagonal_60k: 63/64 seed=1016 SR=4 error=False
gmm_k3_matched_diagonal_60k: 64/64 seed=1016 SR=4.5 error=False
{"arms": 7, "elapsed_seconds": 618.8992190239951, "mode": "full", "rows": 239, "status": "complete"}
